........................................................................ [  5%]
........................................................................ [ 11%]
.....s.................................................................. [ 17%]
.....s.................................................................. [ 23%]
........................................................................ [ 29%]
........................................................................ [ 35%]
........................................................................ [ 41%]
........................................................................ [ 47%]
........................................................................ [ 53%]
........................................................................ [ 59%]
........................................................................ [ 65%]
........................................................................ [ 71%]
........................................................................ [ 77%]
.........................................ss............................. [ 83%]
........................................................................ [ 89%]
........................................................................ [ 95%]
.........................................................                [100%]
=============================== warnings summary ===============================
../.venv/lib/python3.13/site-packages/fastapi/testclient.py:1
  /private/tmp/nyayone-sprint1.6Pzc2w/.venv/lib/python3.13/site-packages/fastapi/testclient.py:1: StarletteDeprecationWarning: Using `httpx` with `starlette.testclient` is deprecated; install `httpx2` instead.
    from starlette.testclient import TestClient as TestClient  # noqa

tests/test_wave4_moderation.py::test_upgrade_from_0011_backfills_existing_moderation_handoff
tests/test_wave4_moderation.py::test_upgrade_from_0011_backfills_existing_moderation_handoff
tests/test_wave4_moderation.py::test_upgrade_from_0011_backfills_existing_moderation_handoff
tests/test_wave4_moderation.py::test_upgrade_from_0011_backfills_existing_moderation_handoff
tests/test_wave4_moderation.py::test_upgrade_from_0011_backfills_existing_moderation_handoff
  /private/tmp/nyayone-sprint1.6Pzc2w/.venv/lib/python3.13/site-packages/sqlalchemy/engine/default.py:952: DeprecationWarning: The default datetime adapter is deprecated as of Python 3.12; see the sqlite3 documentation for suggested replacement recipes
    cursor.execute(statement, parameters)

-- Docs: https://docs.pytest.org/en/stable/how-to/capture-warnings.html
1205 passed, 4 skipped, 6 warnings in 61.15s (0:01:01)

EXIT_CODE=0
