NyayOne runtime identity policy passed
.....
----------------------------------------------------------------------
Ran 5 tests in 0.119s

OK
NyayOne workflow policy passed for 7 workflows
SHA-256 manifests passed: 4 manifests, 302 files
  fastapi            pinned=0.141.1      installed=0.141.1      ok
  starlette          pinned=1.3.1        installed=1.3.1        ok
  uvicorn            pinned=0.52.0       installed=0.52.0       ok
  h11                pinned=0.16.0       installed=0.16.0       ok
  httptools          pinned=0.8.0        installed=0.8.0        ok
  uvloop             pinned=0.22.1       installed=0.22.1       ok
  watchfiles         pinned=1.2.0        installed=1.2.0        ok
  websockets         pinned=16.1.1       installed=16.1.1       ok
  python-multipart   pinned=0.0.32       installed=0.0.32       ok
  annotated-doc      pinned=0.0.5        installed=0.0.5        ok
  pydantic           pinned=2.13.4       installed=2.13.4       ok
  pydantic_core      pinned=2.46.4       installed=2.46.4       ok
  pydantic-settings  pinned=2.14.2       installed=2.14.2       ok
  annotated-types    pinned=0.8.0        installed=0.8.0        ok
  typing_extensions  pinned=4.16.0       installed=4.16.0       ok
  typing-inspection  pinned=0.4.2        installed=0.4.2        ok
  python-dotenv      pinned=1.2.2        installed=1.2.2        ok
  httpx              pinned=0.28.1       installed=0.28.1       ok
  httpcore           pinned=1.0.9        installed=1.0.9        ok
  certifi            pinned=2026.7.22    installed=2026.7.22    ok
  idna               pinned=3.18         installed=3.18         ok
  anyio              pinned=4.14.2       installed=4.14.2       ok
  SQLAlchemy         pinned=2.0.51       installed=2.0.51       ok
  greenlet           pinned=3.5.4        installed=3.5.4        ok
  alembic            pinned=1.18.5       installed=1.18.5       ok
  Mako               pinned=1.3.12       installed=1.3.12       ok
  MarkupSafe         pinned=3.0.3        installed=3.0.3        ok
  psycopg            pinned=3.3.4        installed=3.3.4        ok
  psycopg-binary     pinned=3.3.4        installed=3.3.4        ok
  pgvector           pinned=0.5.0        installed=0.5.0        ok
  cryptography       pinned=45.0.7       installed=45.0.7       ok
  cffi               pinned=2.1.0        installed=2.1.0        ok
  pycparser          pinned=3.0          installed=3.0          ok
  click              pinned=8.4.2        installed=8.4.2        ok
  PyYAML             pinned=6.0.3        installed=6.0.3        ok
  exceptiongroup     pinned=1.3.1        installed=(not queried) SKIPPED / NOT APPLICABLE (marker `python_version < "3.11"` is false for this environment)
  pytest             pinned=9.1.1        installed=9.1.1        ok
  pluggy             pinned=1.6.0        installed=1.6.0        ok
  iniconfig          pinned=2.3.0        installed=2.3.0        ok
  packaging          pinned=26.2         installed=26.2         ok
  Pygments           pinned=2.20.0       installed=2.20.0       ok
  tomli              pinned=2.4.1        installed=(not queried) SKIPPED / NOT APPLICABLE (marker `python_version < "3.11"` is false for this environment)
runtime lock: 40 pinned distribution(s) satisfied exactly (2 SKIPPED / NOT APPLICABLE to this environment: exceptiongroup, tomli)

EXIT_CODE=0

BASE_TO_SOURCE_DIFF_CHECK
git diff --check 6bbaaa9e946fc59e7533c655252215d632194103...e57b8dc237cb562a3c4de224997c06d9cf226f4b
EXIT_CODE=0
